[2026-04-18 13:51:07] local.ERROR: Please provide a valid cache path. {"exception":"[object] (InvalidArgumentException(code: 0): Please provide a valid cache path. at C:/Users/Ahmed/OneDrive/Desktop/abadla-lastlive/cms/vendor/laravel/framework/src/Illuminate/View/Compilers/Compiler.php:67)
[stacktrace]
#0 C:/Users/Ahmed/OneDrive/Desktop/abadla-lastlive/cms/vendor/laravel/framework/src/Illuminate/View/ViewServiceProvider.php(97): Illuminate/View/Compilers/Compiler->__construct(Object(Illuminate/Filesystem/Filesystem), false, '', true, 'php')
#1 C:/Users/Ahmed/OneDrive/Desktop/abadla-lastlive/cms/vendor/laravel/framework/src/Illuminate/Container/Container.php(952): Illuminate/View/ViewServiceProvider->Illuminate/View/{closure}(Object(Illuminate/Foundation/Application), Array)
#2 C:/Users/Ahmed/OneDrive/Desktop/abadla-lastlive/cms/vendor/laravel/framework/src/Illuminate/Container/Container.php(832): Illuminate/Container/Container->build(Object(Closure))
#3 C:/Users/Ahmed/OneDrive/Desktop/abadla-lastlive/cms/vendor/laravel/framework/src/Illuminate/Foundation/Application.php(1078): Illuminate/Container/Container->resolve('blade.compiler', Array, true)
#4 C:/Users/Ahmed/OneDrive/Desktop/abadla-lastlive/cms/vendor/laravel/framework/src/Illuminate/Container/Container.php(763): Illuminate/Foundation/Application->resolve('blade.compiler', Array)
#5 C:/Users/Ahmed/OneDrive/Desktop/abadla-lastlive/cms/vendor/laravel/framework/src/Illuminate/Foundation/Application.php(1058): Illuminate/Container/Container->make('blade.compiler', Array)
#6 C:/Users/Ahmed/OneDrive/Desktop/abadla-lastlive/cms/vendor/laravel/framework/src/Illuminate/Container/Container.php(1580): Illuminate/Foundation/Application->make('blade.compiler')
#7 C:/Users/Ahmed/OneDrive/Desktop/abadla-lastlive/cms/vendor/laravel/framework/src/Illuminate/Support/Facades/Facade.php(239): Illuminate/Container/Container->offsetGet('blade.compiler')
#8 C:/Users/Ahmed/OneDrive/Desktop/abadla-lastlive/cms/vendor/laravel/framework/src/Illuminate/Support/Facades/Facade.php(210): Illuminate/Support/Facades/Facade::resolveFacadeInstance('blade.compiler')
#9 C:/Users/Ahmed/OneDrive/Desktop/abadla-lastlive/cms/vendor/laravel/framework/src/Illuminate/Support/Facades/Facade.php(355): Illuminate/Support/Facades/Facade::getFacadeRoot()
#10 C:/Users/Ahmed/OneDrive/Desktop/abadla-lastlive/cms/vendor/blade-ui-kit/blade-icons/src/BladeIconsServiceProvider.php(121): Illuminate/Support/Facades/Facade::__callStatic('directive', Array)
#11 C:/Users/Ahmed/OneDrive/Desktop/abadla-lastlive/cms/vendor/blade-ui-kit/blade-icons/src/BladeIconsServiceProvider.php(27): BladeUI/Icons/BladeIconsServiceProvider->bootDirectives()
#12 C:/Users/Ahmed/OneDrive/Desktop/abadla-lastlive/cms/vendor/laravel/framework/src/Illuminate/Container/BoundMethod.php(36): BladeUI/Icons/BladeIconsServiceProvider->boot()
#13 C:/Users/Ahmed/OneDrive/Desktop/abadla-lastlive/cms/vendor/laravel/framework/src/Illuminate/Container/Util.php(43): Illuminate/Container/BoundMethod::Illuminate/Container/{closure}()
#14 C:/Users/Ahmed/OneDrive/Desktop/abadla-lastlive/cms/vendor/laravel/framework/src/Illuminate/Container/BoundMethod.php(95): Illuminate/Container/Util::unwrapIfClosure(Object(Closure))
#15 C:/Users/Ahmed/OneDrive/Desktop/abadla-lastlive/cms/vendor/laravel/framework/src/Illuminate/Container/BoundMethod.php(35): Illuminate/Container/BoundMethod::callBoundMethod(Object(Illuminate/Foundation/Application), Array, Object(Closure))
#16 C:/Users/Ahmed/OneDrive/Desktop/abadla-lastlive/cms/vendor/laravel/framework/src/Illuminate/Container/Container.php(696): Illuminate/Container/BoundMethod::call(Object(Illuminate/Foundation/Application), Array, Array, NULL)
#17 C:/Users/Ahmed/OneDrive/Desktop/abadla-lastlive/cms/vendor/laravel/framework/src/Illuminate/Foundation/Application.php(1151): Illuminate/Container/Container->call(Array)
#18 C:/Users/Ahmed/OneDrive/Desktop/abadla-lastlive/cms/vendor/laravel/framework/src/Illuminate/Foundation/Application.php(1132): Illuminate/Foundation/Application->bootProvider(Object(BladeUI/Icons/BladeIconsServiceProvider))
#19 [internal function]: Illuminate/Foundation/Application->Illuminate/Foundation/{closure}(Object(BladeUI/Icons/BladeIconsServiceProvider), 'BladeUI//Icons//B...')
#20 C:/Users/Ahmed/OneDrive/Desktop/abadla-lastlive/cms/vendor/laravel/framework/src/Illuminate/Foundation/Application.php(1131): array_walk(Array, Object(Closure))
#21 C:/Users/Ahmed/OneDrive/Desktop/abadla-lastlive/cms/vendor/laravel/framework/src/Illuminate/Foundation/Bootstrap/BootProviders.php(17): Illuminate/Foundation/Application->boot()
#22 C:/Users/Ahmed/OneDrive/Desktop/abadla-lastlive/cms/vendor/laravel/framework/src/Illuminate/Foundation/Application.php(342): Illuminate/Foundation/Bootstrap/BootProviders->bootstrap(Object(Illuminate/Foundation/Application))
#23 C:/Users/Ahmed/OneDrive/Desktop/abadla-lastlive/cms/vendor/laravel/framework/src/Illuminate/Foundation/Console/Kernel.php(474): Illuminate/Foundation/Application->bootstrapWith(Array)
#24 C:/Users/Ahmed/OneDrive/Desktop/abadla-lastlive/cms/vendor/laravel/framework/src/Illuminate/Foundation/Console/Kernel.php(196): Illuminate/Foundation/Console/Kernel->bootstrap()
#25 C:/Users/Ahmed/OneDrive/Desktop/abadla-lastlive/cms/vendor/laravel/framework/src/Illuminate/Foundation/Application.php(1235): Illuminate/Foundation/Console/Kernel->handle(Object(Symfony/Component/Console/Input/ArgvInput), Object(Symfony/Component/Console/Output/ConsoleOutput))
#26 C:/Users/Ahmed/OneDrive/Desktop/abadla-lastlive/cms/artisan(16): Illuminate/Foundation/Application->handleCommand(Object(Symfony/Component/Console/Input/ArgvInput))
#27 {main}
"} 
[2026-05-20 21:44:14] production.ERROR: The C:\Users\Ahmed\OneDrive\Desktop\Shalayel\abadla-live\cms\bootstrap\cache directory must be present and writable. {"exception":"[object] (Exception(code: 0): The C:\\Users\\Ahmed\\OneDrive\\Desktop\\Shalayel\\abadla-live\\cms\\bootstrap\\cache directory must be present and writable. at C:/Users/Ahmed/OneDrive/Desktop/Shalayel/abadla-live/cms/vendor/laravel/framework/src/Illuminate/Foundation/PackageManifest.php:179)
[stacktrace]
#0 C:/Users/Ahmed/OneDrive/Desktop/Shalayel/abadla-live/cms/vendor/laravel/framework/src/Illuminate/Foundation/PackageManifest.php(132): Illuminate/Foundation/PackageManifest->write(Array)
#1 C:/Users/Ahmed/OneDrive/Desktop/Shalayel/abadla-live/cms/vendor/laravel/framework/src/Illuminate/Foundation/PackageManifest.php(108): Illuminate/Foundation/PackageManifest->build()
#2 C:/Users/Ahmed/OneDrive/Desktop/Shalayel/abadla-live/cms/vendor/laravel/framework/src/Illuminate/Foundation/PackageManifest.php(91): Illuminate/Foundation/PackageManifest->getManifest()
#3 C:/Users/Ahmed/OneDrive/Desktop/Shalayel/abadla-live/cms/vendor/laravel/framework/src/Illuminate/Foundation/PackageManifest.php(80): Illuminate/Foundation/PackageManifest->config('aliases')
#4 C:/Users/Ahmed/OneDrive/Desktop/Shalayel/abadla-live/cms/vendor/laravel/framework/src/Illuminate/Foundation/Bootstrap/RegisterFacades.php(26): Illuminate/Foundation/PackageManifest->aliases()
#5 C:/Users/Ahmed/OneDrive/Desktop/Shalayel/abadla-live/cms/vendor/laravel/framework/src/Illuminate/Foundation/Application.php(342): Illuminate/Foundation/Bootstrap/RegisterFacades->bootstrap(Object(Illuminate/Foundation/Application))
#6 C:/Users/Ahmed/OneDrive/Desktop/Shalayel/abadla-live/cms/vendor/laravel/framework/src/Illuminate/Foundation/Console/Kernel.php(474): Illuminate/Foundation/Application->bootstrapWith(Array)
#7 C:/Users/Ahmed/OneDrive/Desktop/Shalayel/abadla-live/cms/vendor/laravel/framework/src/Illuminate/Foundation/Console/Kernel.php(196): Illuminate/Foundation/Console/Kernel->bootstrap()
#8 C:/Users/Ahmed/OneDrive/Desktop/Shalayel/abadla-live/cms/vendor/laravel/framework/src/Illuminate/Foundation/Application.php(1235): Illuminate/Foundation/Console/Kernel->handle(Object(Symfony/Component/Console/Input/ArgvInput), Object(Symfony/Component/Console/Output/ConsoleOutput))
#9 C:/Users/Ahmed/OneDrive/Desktop/Shalayel/abadla-live/cms/artisan(16): Illuminate/Foundation/Application->handleCommand(Object(Symfony/Component/Console/Input/ArgvInput))
#10 {main}
"} 
[2026-05-20 21:44:20] production.ERROR: The C:\Users\Ahmed\OneDrive\Desktop\Shalayel\abadla-live\cms\bootstrap\cache directory must be present and writable. {"exception":"[object] (Exception(code: 0): The C:\\Users\\Ahmed\\OneDrive\\Desktop\\Shalayel\\abadla-live\\cms\\bootstrap\\cache directory must be present and writable. at C:/Users/Ahmed/OneDrive/Desktop/Shalayel/abadla-live/cms/vendor/laravel/framework/src/Illuminate/Foundation/PackageManifest.php:179)
[stacktrace]
#0 C:/Users/Ahmed/OneDrive/Desktop/Shalayel/abadla-live/cms/vendor/laravel/framework/src/Illuminate/Foundation/PackageManifest.php(132): Illuminate/Foundation/PackageManifest->write(Array)
#1 C:/Users/Ahmed/OneDrive/Desktop/Shalayel/abadla-live/cms/vendor/laravel/framework/src/Illuminate/Foundation/PackageManifest.php(108): Illuminate/Foundation/PackageManifest->build()
#2 C:/Users/Ahmed/OneDrive/Desktop/Shalayel/abadla-live/cms/vendor/laravel/framework/src/Illuminate/Foundation/PackageManifest.php(91): Illuminate/Foundation/PackageManifest->getManifest()
#3 C:/Users/Ahmed/OneDrive/Desktop/Shalayel/abadla-live/cms/vendor/laravel/framework/src/Illuminate/Foundation/PackageManifest.php(80): Illuminate/Foundation/PackageManifest->config('aliases')
#4 C:/Users/Ahmed/OneDrive/Desktop/Shalayel/abadla-live/cms/vendor/laravel/framework/src/Illuminate/Foundation/Bootstrap/RegisterFacades.php(26): Illuminate/Foundation/PackageManifest->aliases()
#5 C:/Users/Ahmed/OneDrive/Desktop/Shalayel/abadla-live/cms/vendor/laravel/framework/src/Illuminate/Foundation/Application.php(342): Illuminate/Foundation/Bootstrap/RegisterFacades->bootstrap(Object(Illuminate/Foundation/Application))
#6 C:/Users/Ahmed/OneDrive/Desktop/Shalayel/abadla-live/cms/vendor/laravel/framework/src/Illuminate/Foundation/Console/Kernel.php(474): Illuminate/Foundation/Application->bootstrapWith(Array)
#7 C:/Users/Ahmed/OneDrive/Desktop/Shalayel/abadla-live/cms/vendor/laravel/framework/src/Illuminate/Foundation/Console/Kernel.php(196): Illuminate/Foundation/Console/Kernel->bootstrap()
#8 C:/Users/Ahmed/OneDrive/Desktop/Shalayel/abadla-live/cms/vendor/laravel/framework/src/Illuminate/Foundation/Application.php(1235): Illuminate/Foundation/Console/Kernel->handle(Object(Symfony/Component/Console/Input/ArgvInput), Object(Symfony/Component/Console/Output/ConsoleOutput))
#9 C:/Users/Ahmed/OneDrive/Desktop/Shalayel/abadla-live/cms/artisan(16): Illuminate/Foundation/Application->handleCommand(Object(Symfony/Component/Console/Input/ArgvInput))
#10 {main}
"} 
[2026-05-20 21:44:52] production.ERROR: Please provide a valid cache path. {"exception":"[object] (InvalidArgumentException(code: 0): Please provide a valid cache path. at C:/Users/Ahmed/OneDrive/Desktop/Shalayel/abadla-live/cms/vendor/laravel/framework/src/Illuminate/View/Compilers/Compiler.php:67)
[stacktrace]
#0 C:/Users/Ahmed/OneDrive/Desktop/Shalayel/abadla-live/cms/vendor/laravel/framework/src/Illuminate/View/ViewServiceProvider.php(97): Illuminate/View/Compilers/Compiler->__construct(Object(Illuminate/Filesystem/Filesystem), false, '', true, 'php')
#1 C:/Users/Ahmed/OneDrive/Desktop/Shalayel/abadla-live/cms/vendor/laravel/framework/src/Illuminate/Container/Container.php(952): Illuminate/View/ViewServiceProvider->Illuminate/View/{closure}(Object(Illuminate/Foundation/Application), Array)
#2 C:/Users/Ahmed/OneDrive/Desktop/Shalayel/abadla-live/cms/vendor/laravel/framework/src/Illuminate/Container/Container.php(832): Illuminate/Container/Container->build(Object(Closure))
#3 C:/Users/Ahmed/OneDrive/Desktop/Shalayel/abadla-live/cms/vendor/laravel/framework/src/Illuminate/Foundation/Application.php(1078): Illuminate/Container/Container->resolve('blade.compiler', Array, true)
#4 C:/Users/Ahmed/OneDrive/Desktop/Shalayel/abadla-live/cms/vendor/laravel/framework/src/Illuminate/Container/Container.php(763): Illuminate/Foundation/Application->resolve('blade.compiler', Array)
#5 C:/Users/Ahmed/OneDrive/Desktop/Shalayel/abadla-live/cms/vendor/laravel/framework/src/Illuminate/Foundation/Application.php(1058): Illuminate/Container/Container->make('blade.compiler', Array)
#6 C:/Users/Ahmed/OneDrive/Desktop/Shalayel/abadla-live/cms/vendor/laravel/framework/src/Illuminate/Container/Container.php(1580): Illuminate/Foundation/Application->make('blade.compiler')
#7 C:/Users/Ahmed/OneDrive/Desktop/Shalayel/abadla-live/cms/vendor/laravel/framework/src/Illuminate/Support/Facades/Facade.php(239): Illuminate/Container/Container->offsetGet('blade.compiler')
#8 C:/Users/Ahmed/OneDrive/Desktop/Shalayel/abadla-live/cms/vendor/laravel/framework/src/Illuminate/Support/Facades/Facade.php(210): Illuminate/Support/Facades/Facade::resolveFacadeInstance('blade.compiler')
#9 C:/Users/Ahmed/OneDrive/Desktop/Shalayel/abadla-live/cms/vendor/laravel/framework/src/Illuminate/Support/Facades/Facade.php(355): Illuminate/Support/Facades/Facade::getFacadeRoot()
#10 C:/Users/Ahmed/OneDrive/Desktop/Shalayel/abadla-live/cms/vendor/blade-ui-kit/blade-icons/src/BladeIconsServiceProvider.php(121): Illuminate/Support/Facades/Facade::__callStatic('directive', Array)
#11 C:/Users/Ahmed/OneDrive/Desktop/Shalayel/abadla-live/cms/vendor/blade-ui-kit/blade-icons/src/BladeIconsServiceProvider.php(27): BladeUI/Icons/BladeIconsServiceProvider->bootDirectives()
#12 C:/Users/Ahmed/OneDrive/Desktop/Shalayel/abadla-live/cms/vendor/laravel/framework/src/Illuminate/Container/BoundMethod.php(36): BladeUI/Icons/BladeIconsServiceProvider->boot()
#13 C:/Users/Ahmed/OneDrive/Desktop/Shalayel/abadla-live/cms/vendor/laravel/framework/src/Illuminate/Container/Util.php(43): Illuminate/Container/BoundMethod::Illuminate/Container/{closure}()
#14 C:/Users/Ahmed/OneDrive/Desktop/Shalayel/abadla-live/cms/vendor/laravel/framework/src/Illuminate/Container/BoundMethod.php(95): Illuminate/Container/Util::unwrapIfClosure(Object(Closure))
#15 C:/Users/Ahmed/OneDrive/Desktop/Shalayel/abadla-live/cms/vendor/laravel/framework/src/Illuminate/Container/BoundMethod.php(35): Illuminate/Container/BoundMethod::callBoundMethod(Object(Illuminate/Foundation/Application), Array, Object(Closure))
#16 C:/Users/Ahmed/OneDrive/Desktop/Shalayel/abadla-live/cms/vendor/laravel/framework/src/Illuminate/Container/Container.php(696): Illuminate/Container/BoundMethod::call(Object(Illuminate/Foundation/Application), Array, Array, NULL)
#17 C:/Users/Ahmed/OneDrive/Desktop/Shalayel/abadla-live/cms/vendor/laravel/framework/src/Illuminate/Foundation/Application.php(1151): Illuminate/Container/Container->call(Array)
#18 C:/Users/Ahmed/OneDrive/Desktop/Shalayel/abadla-live/cms/vendor/laravel/framework/src/Illuminate/Foundation/Application.php(1132): Illuminate/Foundation/Application->bootProvider(Object(BladeUI/Icons/BladeIconsServiceProvider))
#19 [internal function]: Illuminate/Foundation/Application->Illuminate/Foundation/{closure}(Object(BladeUI/Icons/BladeIconsServiceProvider), 'BladeUI//Icons//B...')
#20 C:/Users/Ahmed/OneDrive/Desktop/Shalayel/abadla-live/cms/vendor/laravel/framework/src/Illuminate/Foundation/Application.php(1131): array_walk(Array, Object(Closure))
#21 C:/Users/Ahmed/OneDrive/Desktop/Shalayel/abadla-live/cms/vendor/laravel/framework/src/Illuminate/Foundation/Bootstrap/BootProviders.php(17): Illuminate/Foundation/Application->boot()
#22 C:/Users/Ahmed/OneDrive/Desktop/Shalayel/abadla-live/cms/vendor/laravel/framework/src/Illuminate/Foundation/Application.php(342): Illuminate/Foundation/Bootstrap/BootProviders->bootstrap(Object(Illuminate/Foundation/Application))
#23 C:/Users/Ahmed/OneDrive/Desktop/Shalayel/abadla-live/cms/vendor/laravel/framework/src/Illuminate/Foundation/Console/Kernel.php(474): Illuminate/Foundation/Application->bootstrapWith(Array)
#24 C:/Users/Ahmed/OneDrive/Desktop/Shalayel/abadla-live/cms/vendor/laravel/framework/src/Illuminate/Foundation/Console/Kernel.php(196): Illuminate/Foundation/Console/Kernel->bootstrap()
#25 C:/Users/Ahmed/OneDrive/Desktop/Shalayel/abadla-live/cms/vendor/laravel/framework/src/Illuminate/Foundation/Application.php(1235): Illuminate/Foundation/Console/Kernel->handle(Object(Symfony/Component/Console/Input/ArgvInput), Object(Symfony/Component/Console/Output/ConsoleOutput))
#26 C:/Users/Ahmed/OneDrive/Desktop/Shalayel/abadla-live/cms/artisan(16): Illuminate/Foundation/Application->handleCommand(Object(Symfony/Component/Console/Input/ArgvInput))
#27 {main}
"} 
[2026-05-20 21:50:09] local.ERROR: SQLSTATE[08006] [7] fe_sendauth: no password supplied (Connection: pgsql, SQL: select exists (select 1 from pg_class c, pg_namespace n where n.nspname = 'public' and c.relname = 'migrations' and c.relkind in ('r', 'p') and n.oid = c.relnamespace)) {"exception":"[object] (Illuminate\\Database\\QueryException(code: 7): SQLSTATE[08006] [7] fe_sendauth: no password supplied (Connection: pgsql, SQL: select exists (select 1 from pg_class c, pg_namespace n where n.nspname = 'public' and c.relname = 'migrations' and c.relkind in ('r', 'p') and n.oid = c.relnamespace)) at C:/Users/Ahmed/OneDrive/Desktop/Shalayel/abadla-live/cms/vendor/laravel/framework/src/Illuminate/Database/Connection.php:825)
[stacktrace]
#0 C:/Users/Ahmed/OneDrive/Desktop/Shalayel/abadla-live/cms/vendor/laravel/framework/src/Illuminate/Database/Connection.php(779): Illuminate/Database/Connection->runQueryCallback('select exists (...', Array, Object(Closure))
#1 C:/Users/Ahmed/OneDrive/Desktop/Shalayel/abadla-live/cms/vendor/laravel/framework/src/Illuminate/Database/Connection.php(398): Illuminate/Database/Connection->run('select exists (...', Array, Object(Closure))
#2 C:/Users/Ahmed/OneDrive/Desktop/Shalayel/abadla-live/cms/vendor/laravel/framework/src/Illuminate/Database/Connection.php(344): Illuminate/Database/Connection->select('select exists (...', Array, true)
#3 C:/Users/Ahmed/OneDrive/Desktop/Shalayel/abadla-live/cms/vendor/laravel/framework/src/Illuminate/Database/Connection.php(361): Illuminate/Database/Connection->selectOne('select exists (...', Array, true)
#4 C:/Users/Ahmed/OneDrive/Desktop/Shalayel/abadla-live/cms/vendor/laravel/framework/src/Illuminate/Database/Schema/PostgresBuilder.php(52): Illuminate/Database/Connection->scalar('select exists (...')
#5 C:/Users/Ahmed/OneDrive/Desktop/Shalayel/abadla-live/cms/vendor/laravel/framework/src/Illuminate/Database/Migrations/DatabaseMigrationRepository.php(184): Illuminate/Database/Schema/PostgresBuilder->hasTable('migrations')
#6 C:/Users/Ahmed/OneDrive/Desktop/Shalayel/abadla-live/cms/vendor/laravel/framework/src/Illuminate/Database/Migrations/Migrator.php(742): Illuminate/Database/Migrations/DatabaseMigrationRepository->repositoryExists()
#7 C:/Users/Ahmed/OneDrive/Desktop/Shalayel/abadla-live/cms/vendor/laravel/framework/src/Illuminate/Database/Console/Migrations/MigrateCommand.php(165): Illuminate/Database/Migrations/Migrator->repositoryExists()
#8 C:/Users/Ahmed/OneDrive/Desktop/Shalayel/abadla-live/cms/vendor/laravel/framework/src/Illuminate/Support/helpers.php(338): Illuminate/Database/Console/Migrations/MigrateCommand->Illuminate/Database/Console/Migrations/{closure}(1)
#9 C:/Users/Ahmed/OneDrive/Desktop/Shalayel/abadla-live/cms/vendor/laravel/framework/src/Illuminate/Database/Console/Migrations/MigrateCommand.php(165): retry(1, Object(Closure), 0, Object(Closure))
#10 C:/Users/Ahmed/OneDrive/Desktop/Shalayel/abadla-live/cms/vendor/laravel/framework/src/Illuminate/Database/Console/Migrations/MigrateCommand.php(141): Illuminate/Database/Console/Migrations/MigrateCommand->repositoryExists()
#11 C:/Users/Ahmed/OneDrive/Desktop/Shalayel/abadla-live/cms/vendor/laravel/framework/src/Illuminate/Database/Console/Migrations/MigrateCommand.php(111): Illuminate/Database/Console/Migrations/MigrateCommand->prepareDatabase()
#12 C:/Users/Ahmed/OneDrive/Desktop/Shalayel/abadla-live/cms/vendor/laravel/framework/src/Illuminate/Database/Migrations/Migrator.php(658): Illuminate/Database/Console/Migrations/MigrateCommand->Illuminate/Database/Console/Migrations/{closure}()
#13 C:/Users/Ahmed/OneDrive/Desktop/Shalayel/abadla-live/cms/vendor/laravel/framework/src/Illuminate/Database/Console/Migrations/MigrateCommand.php(110): Illuminate/Database/Migrations/Migrator->usingConnection(NULL, Object(Closure))
#14 C:/Users/Ahmed/OneDrive/Desktop/Shalayel/abadla-live/cms/vendor/laravel/framework/src/Illuminate/Database/Console/Migrations/MigrateCommand.php(89): Illuminate/Database/Console/Migrations/MigrateCommand->runMigrations()
#15 C:/Users/Ahmed/OneDrive/Desktop/Shalayel/abadla-live/cms/vendor/laravel/framework/src/Illuminate/Container/BoundMethod.php(36): Illuminate/Database/Console/Migrations/MigrateCommand->handle()
#16 C:/Users/Ahmed/OneDrive/Desktop/Shalayel/abadla-live/cms/vendor/laravel/framework/src/Illuminate/Container/Util.php(43): Illuminate/Container/BoundMethod::Illuminate/Container/{closure}()
#17 C:/Users/Ahmed/OneDrive/Desktop/Shalayel/abadla-live/cms/vendor/laravel/framework/src/Illuminate/Container/BoundMethod.php(95): Illuminate/Container/Util::unwrapIfClosure(Object(Closure))
#18 C:/Users/Ahmed/OneDrive/Desktop/Shalayel/abadla-live/cms/vendor/laravel/framework/src/Illuminate/Container/BoundMethod.php(35): Illuminate/Container/BoundMethod::callBoundMethod(Object(Illuminate/Foundation/Application), Array, Object(Closure))
#19 C:/Users/Ahmed/OneDrive/Desktop/Shalayel/abadla-live/cms/vendor/laravel/framework/src/Illuminate/Container/Container.php(696): Illuminate/Container/BoundMethod::call(Object(Illuminate/Foundation/Application), Array, Array, NULL)
#20 C:/Users/Ahmed/OneDrive/Desktop/Shalayel/abadla-live/cms/vendor/laravel/framework/src/Illuminate/Console/Command.php(213): Illuminate/Container/Container->call(Array)
#21 C:/Users/Ahmed/OneDrive/Desktop/Shalayel/abadla-live/cms/vendor/symfony/console/Command/Command.php(341): Illuminate/Console/Command->execute(Object(Symfony/Component/Console/Input/ArgvInput), Object(Illuminate/Console/OutputStyle))
#22 C:/Users/Ahmed/OneDrive/Desktop/Shalayel/abadla-live/cms/vendor/laravel/framework/src/Illuminate/Console/Command.php(182): Symfony/Component/Console/Command/Command->run(Object(Symfony/Component/Console/Input/ArgvInput), Object(Illuminate/Console/OutputStyle))
#23 C:/Users/Ahmed/OneDrive/Desktop/Shalayel/abadla-live/cms/vendor/symfony/console/Application.php(1117): Illuminate/Console/Command->run(Object(Symfony/Component/Console/Input/ArgvInput), Object(Symfony/Component/Console/Output/ConsoleOutput))
#24 C:/Users/Ahmed/OneDrive/Desktop/Shalayel/abadla-live/cms/vendor/symfony/console/Application.php(356): Symfony/Component/Console/Application->doRunCommand(Object(Illuminate/Database/Console/Migrations/MigrateCommand), Object(Symfony/Component/Console/Input/ArgvInput), Object(Symfony/Component/Console/Output/ConsoleOutput))
#25 C:/Users/Ahmed/OneDrive/Desktop/Shalayel/abadla-live/cms/vendor/symfony/console/Application.php(195): Symfony/Component/Console/Application->doRun(Object(Symfony/Component/Console/Input/ArgvInput), Object(Symfony/Component/Console/Output/ConsoleOutput))
#26 C:/Users/Ahmed/OneDrive/Desktop/Shalayel/abadla-live/cms/vendor/laravel/framework/src/Illuminate/Foundation/Console/Kernel.php(198): Symfony/Component/Console/Application->run(Object(Symfony/Component/Console/Input/ArgvInput), Object(Symfony/Component/Console/Output/ConsoleOutput))
#27 C:/Users/Ahmed/OneDrive/Desktop/Shalayel/abadla-live/cms/vendor/laravel/framework/src/Illuminate/Foundation/Application.php(1235): Illuminate/Foundation/Console/Kernel->handle(Object(Symfony/Component/Console/Input/ArgvInput), Object(Symfony/Component/Console/Output/ConsoleOutput))
#28 C:/Users/Ahmed/OneDrive/Desktop/Shalayel/abadla-live/cms/artisan(16): Illuminate/Foundation/Application->handleCommand(Object(Symfony/Component/Console/Input/ArgvInput))
#29 {main}

[previous exception] [object] (PDOException(code: 7): SQLSTATE[08006] [7] fe_sendauth: no password supplied at C:/Users/Ahmed/OneDrive/Desktop/Shalayel/abadla-live/cms/vendor/laravel/framework/src/Illuminate/Database/Connectors/Connector.php:66)
[stacktrace]
#0 C:/Users/Ahmed/OneDrive/Desktop/Shalayel/abadla-live/cms/vendor/laravel/framework/src/Illuminate/Database/Connectors/Connector.php(66): PDO->__construct('pgsql:host=127....', 'postgres', Object(SensitiveParameterValue), Array)
#1 C:/Users/Ahmed/OneDrive/Desktop/Shalayel/abadla-live/cms/vendor/laravel/framework/src/Illuminate/Database/Connectors/Connector.php(44): Illuminate/Database/Connectors/Connector->createPdoConnection('pgsql:host=127....', 'postgres', Object(SensitiveParameterValue), Array)
#2 C:/Users/Ahmed/OneDrive/Desktop/Shalayel/abadla-live/cms/vendor/laravel/framework/src/Illuminate/Database/Connectors/PostgresConnector.php(35): Illuminate/Database/Connectors/Connector->createConnection('pgsql:host=127....', Array, Array)
#3 C:/Users/Ahmed/OneDrive/Desktop/Shalayel/abadla-live/cms/vendor/laravel/framework/src/Illuminate/Database/Connectors/ConnectionFactory.php(185): Illuminate/Database/Connectors/PostgresConnector->connect(Array)
#4 [internal function]: Illuminate/Database/Connectors/ConnectionFactory->Illuminate/Database/Connectors/{closure}()
#5 C:/Users/Ahmed/OneDrive/Desktop/Shalayel/abadla-live/cms/vendor/laravel/framework/src/Illuminate/Database/Connection.php(1231): call_user_func(Object(Closure))
#6 C:/Users/Ahmed/OneDrive/Desktop/Shalayel/abadla-live/cms/vendor/laravel/framework/src/Illuminate/Database/Connection.php(1267): Illuminate/Database/Connection->getPdo()
#7 C:/Users/Ahmed/OneDrive/Desktop/Shalayel/abadla-live/cms/vendor/laravel/framework/src/Illuminate/Database/Connection.php(512): Illuminate/Database/Connection->getReadPdo()
#8 C:/Users/Ahmed/OneDrive/Desktop/Shalayel/abadla-live/cms/vendor/laravel/framework/src/Illuminate/Database/Connection.php(407): Illuminate/Database/Connection->getPdoForSelect(true)
#9 C:/Users/Ahmed/OneDrive/Desktop/Shalayel/abadla-live/cms/vendor/laravel/framework/src/Illuminate/Database/Connection.php(812): Illuminate/Database/Connection->Illuminate/Database/{closure}('select exists (...', Array)
#10 C:/Users/Ahmed/OneDrive/Desktop/Shalayel/abadla-live/cms/vendor/laravel/framework/src/Illuminate/Database/Connection.php(779): Illuminate/Database/Connection->runQueryCallback('select exists (...', Array, Object(Closure))
#11 C:/Users/Ahmed/OneDrive/Desktop/Shalayel/abadla-live/cms/vendor/laravel/framework/src/Illuminate/Database/Connection.php(398): Illuminate/Database/Connection->run('select exists (...', Array, Object(Closure))
#12 C:/Users/Ahmed/OneDrive/Desktop/Shalayel/abadla-live/cms/vendor/laravel/framework/src/Illuminate/Database/Connection.php(344): Illuminate/Database/Connection->select('select exists (...', Array, true)
#13 C:/Users/Ahmed/OneDrive/Desktop/Shalayel/abadla-live/cms/vendor/laravel/framework/src/Illuminate/Database/Connection.php(361): Illuminate/Database/Connection->selectOne('select exists (...', Array, true)
#14 C:/Users/Ahmed/OneDrive/Desktop/Shalayel/abadla-live/cms/vendor/laravel/framework/src/Illuminate/Database/Schema/PostgresBuilder.php(52): Illuminate/Database/Connection->scalar('select exists (...')
#15 C:/Users/Ahmed/OneDrive/Desktop/Shalayel/abadla-live/cms/vendor/laravel/framework/src/Illuminate/Database/Migrations/DatabaseMigrationRepository.php(184): Illuminate/Database/Schema/PostgresBuilder->hasTable('migrations')
#16 C:/Users/Ahmed/OneDrive/Desktop/Shalayel/abadla-live/cms/vendor/laravel/framework/src/Illuminate/Database/Migrations/Migrator.php(742): Illuminate/Database/Migrations/DatabaseMigrationRepository->repositoryExists()
#17 C:/Users/Ahmed/OneDrive/Desktop/Shalayel/abadla-live/cms/vendor/laravel/framework/src/Illuminate/Database/Console/Migrations/MigrateCommand.php(165): Illuminate/Database/Migrations/Migrator->repositoryExists()
#18 C:/Users/Ahmed/OneDrive/Desktop/Shalayel/abadla-live/cms/vendor/laravel/framework/src/Illuminate/Support/helpers.php(338): Illuminate/Database/Console/Migrations/MigrateCommand->Illuminate/Database/Console/Migrations/{closure}(1)
#19 C:/Users/Ahmed/OneDrive/Desktop/Shalayel/abadla-live/cms/vendor/laravel/framework/src/Illuminate/Database/Console/Migrations/MigrateCommand.php(165): retry(1, Object(Closure), 0, Object(Closure))
#20 C:/Users/Ahmed/OneDrive/Desktop/Shalayel/abadla-live/cms/vendor/laravel/framework/src/Illuminate/Database/Console/Migrations/MigrateCommand.php(141): Illuminate/Database/Console/Migrations/MigrateCommand->repositoryExists()
#21 C:/Users/Ahmed/OneDrive/Desktop/Shalayel/abadla-live/cms/vendor/laravel/framework/src/Illuminate/Database/Console/Migrations/MigrateCommand.php(111): Illuminate/Database/Console/Migrations/MigrateCommand->prepareDatabase()
#22 C:/Users/Ahmed/OneDrive/Desktop/Shalayel/abadla-live/cms/vendor/laravel/framework/src/Illuminate/Database/Migrations/Migrator.php(658): Illuminate/Database/Console/Migrations/MigrateCommand->Illuminate/Database/Console/Migrations/{closure}()
#23 C:/Users/Ahmed/OneDrive/Desktop/Shalayel/abadla-live/cms/vendor/laravel/framework/src/Illuminate/Database/Console/Migrations/MigrateCommand.php(110): Illuminate/Database/Migrations/Migrator->usingConnection(NULL, Object(Closure))
#24 C:/Users/Ahmed/OneDrive/Desktop/Shalayel/abadla-live/cms/vendor/laravel/framework/src/Illuminate/Database/Console/Migrations/MigrateCommand.php(89): Illuminate/Database/Console/Migrations/MigrateCommand->runMigrations()
#25 C:/Users/Ahmed/OneDrive/Desktop/Shalayel/abadla-live/cms/vendor/laravel/framework/src/Illuminate/Container/BoundMethod.php(36): Illuminate/Database/Console/Migrations/MigrateCommand->handle()
#26 C:/Users/Ahmed/OneDrive/Desktop/Shalayel/abadla-live/cms/vendor/laravel/framework/src/Illuminate/Container/Util.php(43): Illuminate/Container/BoundMethod::Illuminate/Container/{closure}()
#27 C:/Users/Ahmed/OneDrive/Desktop/Shalayel/abadla-live/cms/vendor/laravel/framework/src/Illuminate/Container/BoundMethod.php(95): Illuminate/Container/Util::unwrapIfClosure(Object(Closure))
#28 C:/Users/Ahmed/OneDrive/Desktop/Shalayel/abadla-live/cms/vendor/laravel/framework/src/Illuminate/Container/BoundMethod.php(35): Illuminate/Container/BoundMethod::callBoundMethod(Object(Illuminate/Foundation/Application), Array, Object(Closure))
#29 C:/Users/Ahmed/OneDrive/Desktop/Shalayel/abadla-live/cms/vendor/laravel/framework/src/Illuminate/Container/Container.php(696): Illuminate/Container/BoundMethod::call(Object(Illuminate/Foundation/Application), Array, Array, NULL)
#30 C:/Users/Ahmed/OneDrive/Desktop/Shalayel/abadla-live/cms/vendor/laravel/framework/src/Illuminate/Console/Command.php(213): Illuminate/Container/Container->call(Array)
#31 C:/Users/Ahmed/OneDrive/Desktop/Shalayel/abadla-live/cms/vendor/symfony/console/Command/Command.php(341): Illuminate/Console/Command->execute(Object(Symfony/Component/Console/Input/ArgvInput), Object(Illuminate/Console/OutputStyle))
#32 C:/Users/Ahmed/OneDrive/Desktop/Shalayel/abadla-live/cms/vendor/laravel/framework/src/Illuminate/Console/Command.php(182): Symfony/Component/Console/Command/Command->run(Object(Symfony/Component/Console/Input/ArgvInput), Object(Illuminate/Console/OutputStyle))
#33 C:/Users/Ahmed/OneDrive/Desktop/Shalayel/abadla-live/cms/vendor/symfony/console/Application.php(1117): Illuminate/Console/Command->run(Object(Symfony/Component/Console/Input/ArgvInput), Object(Symfony/Component/Console/Output/ConsoleOutput))
#34 C:/Users/Ahmed/OneDrive/Desktop/Shalayel/abadla-live/cms/vendor/symfony/console/Application.php(356): Symfony/Component/Console/Application->doRunCommand(Object(Illuminate/Database/Console/Migrations/MigrateCommand), Object(Symfony/Component/Console/Input/ArgvInput), Object(Symfony/Component/Console/Output/ConsoleOutput))
#35 C:/Users/Ahmed/OneDrive/Desktop/Shalayel/abadla-live/cms/vendor/symfony/console/Application.php(195): Symfony/Component/Console/Application->doRun(Object(Symfony/Component/Console/Input/ArgvInput), Object(Symfony/Component/Console/Output/ConsoleOutput))
#36 C:/Users/Ahmed/OneDrive/Desktop/Shalayel/abadla-live/cms/vendor/laravel/framework/src/Illuminate/Foundation/Console/Kernel.php(198): Symfony/Component/Console/Application->run(Object(Symfony/Component/Console/Input/ArgvInput), Object(Symfony/Component/Console/Output/ConsoleOutput))
#37 C:/Users/Ahmed/OneDrive/Desktop/Shalayel/abadla-live/cms/vendor/laravel/framework/src/Illuminate/Foundation/Application.php(1235): Illuminate/Foundation/Console/Kernel->handle(Object(Symfony/Component/Console/Input/ArgvInput), Object(Symfony/Component/Console/Output/ConsoleOutput))
#38 C:/Users/Ahmed/OneDrive/Desktop/Shalayel/abadla-live/cms/artisan(16): Illuminate/Foundation/Application->handleCommand(Object(Symfony/Component/Console/Input/ArgvInput))
#39 {main}
"} 
[2026-05-20 21:52:09] local.ERROR: Laravel\Prompts\select(): Return value must be of type string|int, null returned {"exception":"[object] (TypeError(code: 0): Laravel\\Prompts\\select(): Return value must be of type string|int, null returned at C:/Users/Ahmed/OneDrive/Desktop/Shalayel/abadla-live/cms/vendor/laravel/prompts/src/helpers.php:107)
[stacktrace]
#0 C:/Users/Ahmed/OneDrive/Desktop/Shalayel/abadla-live/cms/vendor/bezhansalleh/filament-shield/src/Commands/GenerateCommand.php(80): Laravel/Prompts/select('Which panel do ...', Array)
#1 C:/Users/Ahmed/OneDrive/Desktop/Shalayel/abadla-live/cms/vendor/laravel/framework/src/Illuminate/Container/BoundMethod.php(36): BezhanSalleh/FilamentShield/Commands/GenerateCommand->handle()
#2 C:/Users/Ahmed/OneDrive/Desktop/Shalayel/abadla-live/cms/vendor/laravel/framework/src/Illuminate/Container/Util.php(43): Illuminate/Container/BoundMethod::Illuminate/Container/{closure}()
#3 C:/Users/Ahmed/OneDrive/Desktop/Shalayel/abadla-live/cms/vendor/laravel/framework/src/Illuminate/Container/BoundMethod.php(95): Illuminate/Container/Util::unwrapIfClosure(Object(Closure))
#4 C:/Users/Ahmed/OneDrive/Desktop/Shalayel/abadla-live/cms/vendor/laravel/framework/src/Illuminate/Container/BoundMethod.php(35): Illuminate/Container/BoundMethod::callBoundMethod(Object(Illuminate/Foundation/Application), Array, Object(Closure))
#5 C:/Users/Ahmed/OneDrive/Desktop/Shalayel/abadla-live/cms/vendor/laravel/framework/src/Illuminate/Container/Container.php(696): Illuminate/Container/BoundMethod::call(Object(Illuminate/Foundation/Application), Array, Array, NULL)
#6 C:/Users/Ahmed/OneDrive/Desktop/Shalayel/abadla-live/cms/vendor/laravel/framework/src/Illuminate/Console/Command.php(213): Illuminate/Container/Container->call(Array)
#7 C:/Users/Ahmed/OneDrive/Desktop/Shalayel/abadla-live/cms/vendor/symfony/console/Command/Command.php(341): Illuminate/Console/Command->execute(Object(Symfony/Component/Console/Input/ArgvInput), Object(Illuminate/Console/OutputStyle))
#8 C:/Users/Ahmed/OneDrive/Desktop/Shalayel/abadla-live/cms/vendor/laravel/framework/src/Illuminate/Console/Command.php(182): Symfony/Component/Console/Command/Command->run(Object(Symfony/Component/Console/Input/ArgvInput), Object(Illuminate/Console/OutputStyle))
#9 C:/Users/Ahmed/OneDrive/Desktop/Shalayel/abadla-live/cms/vendor/symfony/console/Application.php(1117): Illuminate/Console/Command->run(Object(Symfony/Component/Console/Input/ArgvInput), Object(Symfony/Component/Console/Output/ConsoleOutput))
#10 C:/Users/Ahmed/OneDrive/Desktop/Shalayel/abadla-live/cms/vendor/symfony/console/Application.php(356): Symfony/Component/Console/Application->doRunCommand(Object(BezhanSalleh/FilamentShield/Commands/GenerateCommand), Object(Symfony/Component/Console/Input/ArgvInput), Object(Symfony/Component/Console/Output/ConsoleOutput))
#11 C:/Users/Ahmed/OneDrive/Desktop/Shalayel/abadla-live/cms/vendor/symfony/console/Application.php(195): Symfony/Component/Console/Application->doRun(Object(Symfony/Component/Console/Input/ArgvInput), Object(Symfony/Component/Console/Output/ConsoleOutput))
#12 C:/Users/Ahmed/OneDrive/Desktop/Shalayel/abadla-live/cms/vendor/laravel/framework/src/Illuminate/Foundation/Console/Kernel.php(198): Symfony/Component/Console/Application->run(Object(Symfony/Component/Console/Input/ArgvInput), Object(Symfony/Component/Console/Output/ConsoleOutput))
#13 C:/Users/Ahmed/OneDrive/Desktop/Shalayel/abadla-live/cms/vendor/laravel/framework/src/Illuminate/Foundation/Application.php(1235): Illuminate/Foundation/Console/Kernel->handle(Object(Symfony/Component/Console/Input/ArgvInput), Object(Symfony/Component/Console/Output/ConsoleOutput))
#14 C:/Users/Ahmed/OneDrive/Desktop/Shalayel/abadla-live/cms/artisan(16): Illuminate/Foundation/Application->handleCommand(Object(Symfony/Component/Console/Input/ArgvInput))
#15 {main}
"} 
[2026-05-20 21:52:14] local.ERROR: SQLSTATE[08006] [7] fe_sendauth: no password supplied (Connection: pgsql, SQL: select * from "permissions" where ("name" = page_ManageSiteSettings) limit 1) {"exception":"[object] (Illuminate\\Database\\QueryException(code: 7): SQLSTATE[08006] [7] fe_sendauth: no password supplied (Connection: pgsql, SQL: select * from \"permissions\" where (\"name\" = page_ManageSiteSettings) limit 1) at C:/Users/Ahmed/OneDrive/Desktop/Shalayel/abadla-live/cms/vendor/laravel/framework/src/Illuminate/Database/Connection.php:825)
[stacktrace]
#0 C:/Users/Ahmed/OneDrive/Desktop/Shalayel/abadla-live/cms/vendor/laravel/framework/src/Illuminate/Database/Connection.php(779): Illuminate/Database/Connection->runQueryCallback('select * from \"...', Array, Object(Closure))
#1 C:/Users/Ahmed/OneDrive/Desktop/Shalayel/abadla-live/cms/vendor/laravel/framework/src/Illuminate/Database/Connection.php(398): Illuminate/Database/Connection->run('select * from \"...', Array, Object(Closure))
#2 C:/Users/Ahmed/OneDrive/Desktop/Shalayel/abadla-live/cms/vendor/laravel/framework/src/Illuminate/Database/Query/Builder.php(3106): Illuminate/Database/Connection->select('select * from \"...', Array, true)
#3 C:/Users/Ahmed/OneDrive/Desktop/Shalayel/abadla-live/cms/vendor/laravel/framework/src/Illuminate/Database/Query/Builder.php(3091): Illuminate/Database/Query/Builder->runSelect()
#4 C:/Users/Ahmed/OneDrive/Desktop/Shalayel/abadla-live/cms/vendor/laravel/framework/src/Illuminate/Database/Query/Builder.php(3676): Illuminate/Database/Query/Builder->Illuminate/Database/Query/{closure}()
#5 C:/Users/Ahmed/OneDrive/Desktop/Shalayel/abadla-live/cms/vendor/laravel/framework/src/Illuminate/Database/Query/Builder.php(3090): Illuminate/Database/Query/Builder->onceWithColumns(Array, Object(Closure))
#6 C:/Users/Ahmed/OneDrive/Desktop/Shalayel/abadla-live/cms/vendor/laravel/framework/src/Illuminate/Database/Eloquent/Builder.php(811): Illuminate/Database/Query/Builder->get(Array)
#7 C:/Users/Ahmed/OneDrive/Desktop/Shalayel/abadla-live/cms/vendor/laravel/framework/src/Illuminate/Database/Eloquent/Builder.php(793): Illuminate/Database/Eloquent/Builder->getModels(Array)
#8 C:/Users/Ahmed/OneDrive/Desktop/Shalayel/abadla-live/cms/vendor/laravel/framework/src/Illuminate/Database/Concerns/BuildsQueries.php(343): Illuminate/Database/Eloquent/Builder->get(Array)
#9 C:/Users/Ahmed/OneDrive/Desktop/Shalayel/abadla-live/cms/vendor/laravel/framework/src/Illuminate/Database/Eloquent/Builder.php(617): Illuminate/Database/Eloquent/Builder->first()
#10 C:/Users/Ahmed/OneDrive/Desktop/Shalayel/abadla-live/cms/vendor/laravel/framework/src/Illuminate/Support/Traits/ForwardsCalls.php(23): Illuminate/Database/Eloquent/Builder->firstOrCreate(Array, Array)
#11 C:/Users/Ahmed/OneDrive/Desktop/Shalayel/abadla-live/cms/vendor/laravel/framework/src/Illuminate/Database/Eloquent/Model.php(2372): Illuminate/Database/Eloquent/Model->forwardCallTo(Object(Illuminate/Database/Eloquent/Builder), 'firstOrCreate', Array)
#12 C:/Users/Ahmed/OneDrive/Desktop/Shalayel/abadla-live/cms/vendor/laravel/framework/src/Illuminate/Database/Eloquent/Model.php(2384): Illuminate/Database/Eloquent/Model->__call('firstOrCreate', Array)
#13 C:/Users/Ahmed/OneDrive/Desktop/Shalayel/abadla-live/cms/vendor/bezhansalleh/filament-shield/src/FilamentShield.php(77): Illuminate/Database/Eloquent/Model::__callStatic('firstOrCreate', Array)
#14 C:/Users/Ahmed/OneDrive/Desktop/Shalayel/abadla-live/cms/vendor/laravel/framework/src/Illuminate/Support/Facades/Facade.php(361): BezhanSalleh/FilamentShield/FilamentShield::generateForPage('page_ManageSite...')
#15 C:/Users/Ahmed/OneDrive/Desktop/Shalayel/abadla-live/cms/vendor/bezhansalleh/filament-shield/src/Commands/GenerateCommand.php(229): Illuminate/Support/Facades/Facade::__callStatic('generateForPage', Array)
#16 C:/Users/Ahmed/OneDrive/Desktop/Shalayel/abadla-live/cms/vendor/laravel/framework/src/Illuminate/Collections/Traits/EnumeratesValues.php(261): BezhanSalleh/FilamentShield/Commands/GenerateCommand->BezhanSalleh/FilamentShield/Commands/{closure}(Array, 0)
#17 C:/Users/Ahmed/OneDrive/Desktop/Shalayel/abadla-live/cms/vendor/bezhansalleh/filament-shield/src/Commands/GenerateCommand.php(229): Illuminate/Support/Collection->each(Object(Closure))
#18 C:/Users/Ahmed/OneDrive/Desktop/Shalayel/abadla-live/cms/vendor/bezhansalleh/filament-shield/src/Commands/GenerateCommand.php(104): BezhanSalleh/FilamentShield/Commands/GenerateCommand->generateForPages(Array)
#19 C:/Users/Ahmed/OneDrive/Desktop/Shalayel/abadla-live/cms/vendor/laravel/framework/src/Illuminate/Container/BoundMethod.php(36): BezhanSalleh/FilamentShield/Commands/GenerateCommand->handle()
#20 C:/Users/Ahmed/OneDrive/Desktop/Shalayel/abadla-live/cms/vendor/laravel/framework/src/Illuminate/Container/Util.php(43): Illuminate/Container/BoundMethod::Illuminate/Container/{closure}()
#21 C:/Users/Ahmed/OneDrive/Desktop/Shalayel/abadla-live/cms/vendor/laravel/framework/src/Illuminate/Container/BoundMethod.php(95): Illuminate/Container/Util::unwrapIfClosure(Object(Closure))
#22 C:/Users/Ahmed/OneDrive/Desktop/Shalayel/abadla-live/cms/vendor/laravel/framework/src/Illuminate/Container/BoundMethod.php(35): Illuminate/Container/BoundMethod::callBoundMethod(Object(Illuminate/Foundation/Application), Array, Object(Closure))
#23 C:/Users/Ahmed/OneDrive/Desktop/Shalayel/abadla-live/cms/vendor/laravel/framework/src/Illuminate/Container/Container.php(696): Illuminate/Container/BoundMethod::call(Object(Illuminate/Foundation/Application), Array, Array, NULL)
#24 C:/Users/Ahmed/OneDrive/Desktop/Shalayel/abadla-live/cms/vendor/laravel/framework/src/Illuminate/Console/Command.php(213): Illuminate/Container/Container->call(Array)
#25 C:/Users/Ahmed/OneDrive/Desktop/Shalayel/abadla-live/cms/vendor/symfony/console/Command/Command.php(341): Illuminate/Console/Command->execute(Object(Symfony/Component/Console/Input/ArgvInput), Object(Illuminate/Console/OutputStyle))
#26 C:/Users/Ahmed/OneDrive/Desktop/Shalayel/abadla-live/cms/vendor/laravel/framework/src/Illuminate/Console/Command.php(182): Symfony/Component/Console/Command/Command->run(Object(Symfony/Component/Console/Input/ArgvInput), Object(Illuminate/Console/OutputStyle))
#27 C:/Users/Ahmed/OneDrive/Desktop/Shalayel/abadla-live/cms/vendor/symfony/console/Application.php(1117): Illuminate/Console/Command->run(Object(Symfony/Component/Console/Input/ArgvInput), Object(Symfony/Component/Console/Output/ConsoleOutput))
#28 C:/Users/Ahmed/OneDrive/Desktop/Shalayel/abadla-live/cms/vendor/symfony/console/Application.php(356): Symfony/Component/Console/Application->doRunCommand(Object(BezhanSalleh/FilamentShield/Commands/GenerateCommand), Object(Symfony/Component/Console/Input/ArgvInput), Object(Symfony/Component/Console/Output/ConsoleOutput))
#29 C:/Users/Ahmed/OneDrive/Desktop/Shalayel/abadla-live/cms/vendor/symfony/console/Application.php(195): Symfony/Component/Console/Application->doRun(Object(Symfony/Component/Console/Input/ArgvInput), Object(Symfony/Component/Console/Output/ConsoleOutput))
#30 C:/Users/Ahmed/OneDrive/Desktop/Shalayel/abadla-live/cms/vendor/laravel/framework/src/Illuminate/Foundation/Console/Kernel.php(198): Symfony/Component/Console/Application->run(Object(Symfony/Component/Console/Input/ArgvInput), Object(Symfony/Component/Console/Output/ConsoleOutput))
#31 C:/Users/Ahmed/OneDrive/Desktop/Shalayel/abadla-live/cms/vendor/laravel/framework/src/Illuminate/Foundation/Application.php(1235): Illuminate/Foundation/Console/Kernel->handle(Object(Symfony/Component/Console/Input/ArgvInput), Object(Symfony/Component/Console/Output/ConsoleOutput))
#32 C:/Users/Ahmed/OneDrive/Desktop/Shalayel/abadla-live/cms/artisan(16): Illuminate/Foundation/Application->handleCommand(Object(Symfony/Component/Console/Input/ArgvInput))
#33 {main}

[previous exception] [object] (PDOException(code: 7): SQLSTATE[08006] [7] fe_sendauth: no password supplied at C:/Users/Ahmed/OneDrive/Desktop/Shalayel/abadla-live/cms/vendor/laravel/framework/src/Illuminate/Database/Connectors/Connector.php:66)
[stacktrace]
#0 C:/Users/Ahmed/OneDrive/Desktop/Shalayel/abadla-live/cms/vendor/laravel/framework/src/Illuminate/Database/Connectors/Connector.php(66): PDO->__construct('pgsql:host=127....', 'postgres', Object(SensitiveParameterValue), Array)
#1 C:/Users/Ahmed/OneDrive/Desktop/Shalayel/abadla-live/cms/vendor/laravel/framework/src/Illuminate/Database/Connectors/Connector.php(44): Illuminate/Database/Connectors/Connector->createPdoConnection('pgsql:host=127....', 'postgres', Object(SensitiveParameterValue), Array)
#2 C:/Users/Ahmed/OneDrive/Desktop/Shalayel/abadla-live/cms/vendor/laravel/framework/src/Illuminate/Database/Connectors/PostgresConnector.php(35): Illuminate/Database/Connectors/Connector->createConnection('pgsql:host=127....', Array, Array)
#3 C:/Users/Ahmed/OneDrive/Desktop/Shalayel/abadla-live/cms/vendor/laravel/framework/src/Illuminate/Database/Connectors/ConnectionFactory.php(185): Illuminate/Database/Connectors/PostgresConnector->connect(Array)
#4 [internal function]: Illuminate/Database/Connectors/ConnectionFactory->Illuminate/Database/Connectors/{closure}()
#5 C:/Users/Ahmed/OneDrive/Desktop/Shalayel/abadla-live/cms/vendor/laravel/framework/src/Illuminate/Database/Connection.php(1231): call_user_func(Object(Closure))
#6 C:/Users/Ahmed/OneDrive/Desktop/Shalayel/abadla-live/cms/vendor/laravel/framework/src/Illuminate/Database/Connection.php(1267): Illuminate/Database/Connection->getPdo()
#7 C:/Users/Ahmed/OneDrive/Desktop/Shalayel/abadla-live/cms/vendor/laravel/framework/src/Illuminate/Database/Connection.php(512): Illuminate/Database/Connection->getReadPdo()
#8 C:/Users/Ahmed/OneDrive/Desktop/Shalayel/abadla-live/cms/vendor/laravel/framework/src/Illuminate/Database/Connection.php(407): Illuminate/Database/Connection->getPdoForSelect(true)
#9 C:/Users/Ahmed/OneDrive/Desktop/Shalayel/abadla-live/cms/vendor/laravel/framework/src/Illuminate/Database/Connection.php(812): Illuminate/Database/Connection->Illuminate/Database/{closure}('select * from \"...', Array)
#10 C:/Users/Ahmed/OneDrive/Desktop/Shalayel/abadla-live/cms/vendor/laravel/framework/src/Illuminate/Database/Connection.php(779): Illuminate/Database/Connection->runQueryCallback('select * from \"...', Array, Object(Closure))
#11 C:/Users/Ahmed/OneDrive/Desktop/Shalayel/abadla-live/cms/vendor/laravel/framework/src/Illuminate/Database/Connection.php(398): Illuminate/Database/Connection->run('select * from \"...', Array, Object(Closure))
#12 C:/Users/Ahmed/OneDrive/Desktop/Shalayel/abadla-live/cms/vendor/laravel/framework/src/Illuminate/Database/Query/Builder.php(3106): Illuminate/Database/Connection->select('select * from \"...', Array, true)
#13 C:/Users/Ahmed/OneDrive/Desktop/Shalayel/abadla-live/cms/vendor/laravel/framework/src/Illuminate/Database/Query/Builder.php(3091): Illuminate/Database/Query/Builder->runSelect()
#14 C:/Users/Ahmed/OneDrive/Desktop/Shalayel/abadla-live/cms/vendor/laravel/framework/src/Illuminate/Database/Query/Builder.php(3676): Illuminate/Database/Query/Builder->Illuminate/Database/Query/{closure}()
#15 C:/Users/Ahmed/OneDrive/Desktop/Shalayel/abadla-live/cms/vendor/laravel/framework/src/Illuminate/Database/Query/Builder.php(3090): Illuminate/Database/Query/Builder->onceWithColumns(Array, Object(Closure))
#16 C:/Users/Ahmed/OneDrive/Desktop/Shalayel/abadla-live/cms/vendor/laravel/framework/src/Illuminate/Database/Eloquent/Builder.php(811): Illuminate/Database/Query/Builder->get(Array)
#17 C:/Users/Ahmed/OneDrive/Desktop/Shalayel/abadla-live/cms/vendor/laravel/framework/src/Illuminate/Database/Eloquent/Builder.php(793): Illuminate/Database/Eloquent/Builder->getModels(Array)
#18 C:/Users/Ahmed/OneDrive/Desktop/Shalayel/abadla-live/cms/vendor/laravel/framework/src/Illuminate/Database/Concerns/BuildsQueries.php(343): Illuminate/Database/Eloquent/Builder->get(Array)
#19 C:/Users/Ahmed/OneDrive/Desktop/Shalayel/abadla-live/cms/vendor/laravel/framework/src/Illuminate/Database/Eloquent/Builder.php(617): Illuminate/Database/Eloquent/Builder->first()
#20 C:/Users/Ahmed/OneDrive/Desktop/Shalayel/abadla-live/cms/vendor/laravel/framework/src/Illuminate/Support/Traits/ForwardsCalls.php(23): Illuminate/Database/Eloquent/Builder->firstOrCreate(Array, Array)
#21 C:/Users/Ahmed/OneDrive/Desktop/Shalayel/abadla-live/cms/vendor/laravel/framework/src/Illuminate/Database/Eloquent/Model.php(2372): Illuminate/Database/Eloquent/Model->forwardCallTo(Object(Illuminate/Database/Eloquent/Builder), 'firstOrCreate', Array)
#22 C:/Users/Ahmed/OneDrive/Desktop/Shalayel/abadla-live/cms/vendor/laravel/framework/src/Illuminate/Database/Eloquent/Model.php(2384): Illuminate/Database/Eloquent/Model->__call('firstOrCreate', Array)
#23 C:/Users/Ahmed/OneDrive/Desktop/Shalayel/abadla-live/cms/vendor/bezhansalleh/filament-shield/src/FilamentShield.php(77): Illuminate/Database/Eloquent/Model::__callStatic('firstOrCreate', Array)
#24 C:/Users/Ahmed/OneDrive/Desktop/Shalayel/abadla-live/cms/vendor/laravel/framework/src/Illuminate/Support/Facades/Facade.php(361): BezhanSalleh/FilamentShield/FilamentShield::generateForPage('page_ManageSite...')
#25 C:/Users/Ahmed/OneDrive/Desktop/Shalayel/abadla-live/cms/vendor/bezhansalleh/filament-shield/src/Commands/GenerateCommand.php(229): Illuminate/Support/Facades/Facade::__callStatic('generateForPage', Array)
#26 C:/Users/Ahmed/OneDrive/Desktop/Shalayel/abadla-live/cms/vendor/laravel/framework/src/Illuminate/Collections/Traits/EnumeratesValues.php(261): BezhanSalleh/FilamentShield/Commands/GenerateCommand->BezhanSalleh/FilamentShield/Commands/{closure}(Array, 0)
#27 C:/Users/Ahmed/OneDrive/Desktop/Shalayel/abadla-live/cms/vendor/bezhansalleh/filament-shield/src/Commands/GenerateCommand.php(229): Illuminate/Support/Collection->each(Object(Closure))
#28 C:/Users/Ahmed/OneDrive/Desktop/Shalayel/abadla-live/cms/vendor/bezhansalleh/filament-shield/src/Commands/GenerateCommand.php(104): BezhanSalleh/FilamentShield/Commands/GenerateCommand->generateForPages(Array)
#29 C:/Users/Ahmed/OneDrive/Desktop/Shalayel/abadla-live/cms/vendor/laravel/framework/src/Illuminate/Container/BoundMethod.php(36): BezhanSalleh/FilamentShield/Commands/GenerateCommand->handle()
#30 C:/Users/Ahmed/OneDrive/Desktop/Shalayel/abadla-live/cms/vendor/laravel/framework/src/Illuminate/Container/Util.php(43): Illuminate/Container/BoundMethod::Illuminate/Container/{closure}()
#31 C:/Users/Ahmed/OneDrive/Desktop/Shalayel/abadla-live/cms/vendor/laravel/framework/src/Illuminate/Container/BoundMethod.php(95): Illuminate/Container/Util::unwrapIfClosure(Object(Closure))
#32 C:/Users/Ahmed/OneDrive/Desktop/Shalayel/abadla-live/cms/vendor/laravel/framework/src/Illuminate/Container/BoundMethod.php(35): Illuminate/Container/BoundMethod::callBoundMethod(Object(Illuminate/Foundation/Application), Array, Object(Closure))
#33 C:/Users/Ahmed/OneDrive/Desktop/Shalayel/abadla-live/cms/vendor/laravel/framework/src/Illuminate/Container/Container.php(696): Illuminate/Container/BoundMethod::call(Object(Illuminate/Foundation/Application), Array, Array, NULL)
#34 C:/Users/Ahmed/OneDrive/Desktop/Shalayel/abadla-live/cms/vendor/laravel/framework/src/Illuminate/Console/Command.php(213): Illuminate/Container/Container->call(Array)
#35 C:/Users/Ahmed/OneDrive/Desktop/Shalayel/abadla-live/cms/vendor/symfony/console/Command/Command.php(341): Illuminate/Console/Command->execute(Object(Symfony/Component/Console/Input/ArgvInput), Object(Illuminate/Console/OutputStyle))
#36 C:/Users/Ahmed/OneDrive/Desktop/Shalayel/abadla-live/cms/vendor/laravel/framework/src/Illuminate/Console/Command.php(182): Symfony/Component/Console/Command/Command->run(Object(Symfony/Component/Console/Input/ArgvInput), Object(Illuminate/Console/OutputStyle))
#37 C:/Users/Ahmed/OneDrive/Desktop/Shalayel/abadla-live/cms/vendor/symfony/console/Application.php(1117): Illuminate/Console/Command->run(Object(Symfony/Component/Console/Input/ArgvInput), Object(Symfony/Component/Console/Output/ConsoleOutput))
#38 C:/Users/Ahmed/OneDrive/Desktop/Shalayel/abadla-live/cms/vendor/symfony/console/Application.php(356): Symfony/Component/Console/Application->doRunCommand(Object(BezhanSalleh/FilamentShield/Commands/GenerateCommand), Object(Symfony/Component/Console/Input/ArgvInput), Object(Symfony/Component/Console/Output/ConsoleOutput))
#39 C:/Users/Ahmed/OneDrive/Desktop/Shalayel/abadla-live/cms/vendor/symfony/console/Application.php(195): Symfony/Component/Console/Application->doRun(Object(Symfony/Component/Console/Input/ArgvInput), Object(Symfony/Component/Console/Output/ConsoleOutput))
#40 C:/Users/Ahmed/OneDrive/Desktop/Shalayel/abadla-live/cms/vendor/laravel/framework/src/Illuminate/Foundation/Console/Kernel.php(198): Symfony/Component/Console/Application->run(Object(Symfony/Component/Console/Input/ArgvInput), Object(Symfony/Component/Console/Output/ConsoleOutput))
#41 C:/Users/Ahmed/OneDrive/Desktop/Shalayel/abadla-live/cms/vendor/laravel/framework/src/Illuminate/Foundation/Application.php(1235): Illuminate/Foundation/Console/Kernel->handle(Object(Symfony/Component/Console/Input/ArgvInput), Object(Symfony/Component/Console/Output/ConsoleOutput))
#42 C:/Users/Ahmed/OneDrive/Desktop/Shalayel/abadla-live/cms/artisan(16): Illuminate/Foundation/Application->handleCommand(Object(Symfony/Component/Console/Input/ArgvInput))
#43 {main}
"} 
